test_elementor_native_theme_contract (tests.test_current_release.BlueVPNElementorThemeTests.test_elementor_native_theme_contract) ... ok
test_elementor_pages_keep_legacy_fallback_and_runtime_contract (tests.test_current_release.BlueVPNElementorThemeTests.test_elementor_pages_keep_legacy_fallback_and_runtime_contract) ... ok
test_100_provider_repair_has_batched_admin_ui_and_single_customer_action (tests.test_current_release.BlueVPNSiteSEOTests.test_100_provider_repair_has_batched_admin_ui_and_single_customer_action) ... ok
test_101_pasarguard_auto_all_active_groups_and_proxy_settings_422_hardening (tests.test_current_release.BlueVPNSiteSEOTests.test_101_pasarguard_auto_all_active_groups_and_proxy_settings_422_hardening) ... ok
test_102_marzban_always_uses_live_all_active_inbounds_and_normalized_proxy_objects (tests.test_current_release.BlueVPNSiteSEOTests.test_102_marzban_always_uses_live_all_active_inbounds_and_normalized_proxy_objects) ... ok
test_103_provider_repair_resyncs_access_for_existing_users (tests.test_current_release.BlueVPNSiteSEOTests.test_103_provider_repair_resyncs_access_for_existing_users) ... ok
test_104_provider_ui_explains_automatic_group_and_inbound_selection (tests.test_current_release.BlueVPNSiteSEOTests.test_104_provider_ui_explains_automatic_group_and_inbound_selection) ... ok
test_105_home_shows_live_speed_and_plan_aware_timer_in_reserved_area (tests.test_current_release.BlueVPNSiteSEOTests.test_105_home_shows_live_speed_and_plan_aware_timer_in_reserved_area) ... ok
test_106_blueai_live_reporter_measures_real_multi_sample_tunnel_rtt (tests.test_current_release.BlueVPNSiteSEOTests.test_106_blueai_live_reporter_measures_real_multi_sample_tunnel_rtt) ... ok
test_107_blueai_live_database_and_dashboard_expose_real_ping_statistics (tests.test_current_release.BlueVPNSiteSEOTests.test_107_blueai_live_database_and_dashboard_expose_real_ping_statistics) ... ok
test_108_live_heartbeat_latency_updates_route_ping_without_fake_success_samples (tests.test_current_release.BlueVPNSiteSEOTests.test_108_live_heartbeat_latency_updates_route_ping_without_fake_success_samples) ... ok
test_113_beta_manual_check_retries_cache_first_release_snapshot (tests.test_current_release.BlueVPNSiteSEOTests.test_113_beta_manual_check_retries_cache_first_release_snapshot) ... ok
test_114_mobile_config_cache_is_reset_on_auth_boundaries (tests.test_current_release.BlueVPNSiteSEOTests.test_114_mobile_config_cache_is_reset_on_auth_boundaries) ... ok
test_115_wordpress_exposes_release_auth_diagnostics (tests.test_current_release.BlueVPNSiteSEOTests.test_115_wordpress_exposes_release_auth_diagnostics) ... ok
test_116_build_waits_for_cache_first_wordpress_release_ingest (tests.test_current_release.BlueVPNSiteSEOTests.test_116_build_waits_for_cache_first_wordpress_release_ingest) ... ok
test_117_home_live_metrics_are_subsecond_local_not_network_polled (tests.test_current_release.BlueVPNSiteSEOTests.test_117_home_live_metrics_are_subsecond_local_not_network_polled) ... ok
test_118_blueai_gets_immediate_and_frequent_real_rtt_heartbeat (tests.test_current_release.BlueVPNSiteSEOTests.test_118_blueai_gets_immediate_and_frequent_real_rtt_heartbeat) ... ok
test_119_logout_blocks_connect_until_free_pool_reconciled_and_clears_selected_guid (tests.test_current_release.BlueVPNSiteSEOTests.test_119_logout_blocks_connect_until_free_pool_reconciled_and_clears_selected_guid) ... ok
test_120_free_pool_quarantines_semantically_same_premium_endpoints_permanently (tests.test_current_release.BlueVPNSiteSEOTests.test_120_free_pool_quarantines_semantically_same_premium_endpoints_permanently) ... ok
test_121_profile_ownership_registry_is_tier_and_source_aware (tests.test_current_release.BlueVPNSiteSEOTests.test_121_profile_ownership_registry_is_tier_and_source_aware) ... ok
test_122_hard_isolation_rejects_cross_tier_semantic_collisions (tests.test_current_release.BlueVPNSiteSEOTests.test_122_hard_isolation_rejects_cross_tier_semantic_collisions) ... ok
test_123_automatic_session_invalidation_crosses_same_free_boundary_as_logout (tests.test_current_release.BlueVPNSiteSEOTests.test_123_automatic_session_invalidation_crosses_same_free_boundary_as_logout) ... ok
test_124_blueai_inventory_reads_actual_imported_profiles_from_each_subscription (tests.test_current_release.BlueVPNSiteSEOTests.test_124_blueai_inventory_reads_actual_imported_profiles_from_each_subscription) ... ok
test_125_subscription_refresh_rebuilds_ai_pool_inventory_after_upstream_import (tests.test_current_release.BlueVPNSiteSEOTests.test_125_subscription_refresh_rebuilds_ai_pool_inventory_after_upstream_import) ... ok
test_126_exact_cross_tier_configs_block_free_copy_without_losing_premium (tests.test_current_release.BlueVPNSiteSEOTests.test_126_exact_cross_tier_configs_block_free_copy_without_losing_premium) ... ok
test_127_endpoint_overlap_is_diagnostic_while_subscription_source_is_security_boundary (tests.test_current_release.BlueVPNSiteSEOTests.test_127_endpoint_overlap_is_diagnostic_while_subscription_source_is_security_boundary) ... ok
test_129_pool_owner_is_current_subscription_guid_not_semantic_history (tests.test_current_release.BlueVPNSiteSEOTests.test_129_pool_owner_is_current_subscription_guid_not_semantic_history) ... ok
test_130_exact_collision_blocks_free_copy_but_preserves_premium_copy (tests.test_current_release.BlueVPNSiteSEOTests.test_130_exact_collision_blocks_free_copy_but_preserves_premium_copy) ... ok
test_131_location_stale_cache_cannot_show_routes_outside_current_entitlement (tests.test_current_release.BlueVPNSiteSEOTests.test_131_location_stale_cache_cannot_show_routes_outside_current_entitlement) ... ok
test_132_free_empty_pool_bypasses_recent_refresh_ttl (tests.test_current_release.BlueVPNSiteSEOTests.test_132_free_empty_pool_bypasses_recent_refresh_ttl) ... ok
test_133_subscription_aggressive_repair_is_not_ignored_and_retries_empty_import (tests.test_current_release.BlueVPNSiteSEOTests.test_133_subscription_aggressive_repair_is_not_ignored_and_retries_empty_import) ... ok
test_134_free_pool_ready_requires_real_decodable_profiles (tests.test_current_release.BlueVPNSiteSEOTests.test_134_free_pool_ready_requires_real_decodable_profiles) ... ok
test_135_premium_readiness_ignores_lkg_cache (tests.test_current_release.BlueVPNSiteSEOTests.test_135_premium_readiness_ignores_lkg_cache) ... ok
test_136_premium_lkg_is_bound_to_current_source (tests.test_current_release.BlueVPNSiteSEOTests.test_136_premium_lkg_is_bound_to_current_source) ... ok
test_137_auto_connection_sweeps_exact_entitlement_guids_with_v2rayng_test_service (tests.test_current_release.BlueVPNSiteSEOTests.test_137_auto_connection_sweeps_exact_entitlement_guids_with_v2rayng_test_service) ... ok
test_138_running_core_does_not_bypass_end_to_end_verification (tests.test_current_release.BlueVPNSiteSEOTests.test_138_running_core_does_not_bypass_end_to_end_verification) ... ok
test_139_connecting_orb_animates_on_low_end_and_has_no_outer_arc (tests.test_current_release.BlueVPNSiteSEOTests.test_139_connecting_orb_animates_on_low_end_and_has_no_outer_arc) ... ok
test_140_live_speed_uses_ewma_and_zero_hold (tests.test_current_release.BlueVPNSiteSEOTests.test_140_live_speed_uses_ewma_and_zero_hold) ... ok
test_141_network_sweep_ticker_has_explicit_runnable_type (tests.test_current_release.BlueVPNSiteSEOTests.test_141_network_sweep_ticker_has_explicit_runnable_type) ... ok
test_142_auto_mode_is_cache_first_and_never_forces_full_scan (tests.test_current_release.BlueVPNSiteSEOTests.test_142_auto_mode_is_cache_first_and_never_forces_full_scan) ... ok
test_143_connection_status_text_is_two_line_and_track_is_bottom_anchored (tests.test_current_release.BlueVPNSiteSEOTests.test_143_connection_status_text_is_two_line_and_track_is_bottom_anchored) ... ok
test_71_logged_in_nonpremium_account_bootstraps_free_plan (tests.test_current_release.BlueVPNSiteSEOTests.test_71_logged_in_nonpremium_account_bootstraps_free_plan) ... ok
test_72_free_entitlement_is_not_conflated_with_pool_readiness (tests.test_current_release.BlueVPNSiteSEOTests.test_72_free_entitlement_is_not_conflated_with_pool_readiness) ... ok
test_77_blueai_learning_is_tier_isolated (tests.test_current_release.BlueVPNSiteSEOTests.test_77_blueai_learning_is_tier_isolated) ... ok
test_78_free_guest_live_reporter_does_not_require_login (tests.test_current_release.BlueVPNSiteSEOTests.test_78_free_guest_live_reporter_does_not_require_login) ... ok
test_79_android_blueai_sends_tier_and_schema_capability (tests.test_current_release.BlueVPNSiteSEOTests.test_79_android_blueai_sends_tier_and_schema_capability) ... ok
test_80_wordpress_blueai_has_live_dashboard_and_version_health (tests.test_current_release.BlueVPNSiteSEOTests.test_80_wordpress_blueai_has_live_dashboard_and_version_health) ... ok
test_81_mobile_update_config_is_cache_first_and_nonblocking (tests.test_current_release.BlueVPNSiteSEOTests.test_81_mobile_update_config_is_cache_first_and_nonblocking) ... ok
test_82_mobile_config_release_channel_failure_falls_back_to_stable_settings (tests.test_current_release.BlueVPNSiteSEOTests.test_82_mobile_config_release_channel_failure_falls_back_to_stable_settings) ... ok
test_83_blueai_admin_explains_legacy_schema_without_fake_live_count (tests.test_current_release.BlueVPNSiteSEOTests.test_83_blueai_admin_explains_legacy_schema_without_fake_live_count) ... ok
test_84_beta_and_stable_have_independent_auto_update_policy (tests.test_current_release.BlueVPNSiteSEOTests.test_84_beta_and_stable_have_independent_auto_update_policy) ... ok
test_85_beta_android_update_pipeline_is_same_as_stable (tests.test_current_release.BlueVPNSiteSEOTests.test_85_beta_android_update_pipeline_is_same_as_stable) ... ok
test_86_advertising_mobile_config_contract_survives_release_channel_changes (tests.test_current_release.BlueVPNSiteSEOTests.test_86_advertising_mobile_config_contract_survives_release_channel_changes) ... ok
test_87_free_story_ads_are_exposed_only_as_free_connection_gate (tests.test_current_release.BlueVPNSiteSEOTests.test_87_free_story_ads_are_exposed_only_as_free_connection_gate) ... ok
test_88_free_story_gate_finalizes_timer_only_after_completion (tests.test_current_release.BlueVPNSiteSEOTests.test_88_free_story_gate_finalizes_timer_only_after_completion) ... ok
test_89_mandatory_story_cannot_be_bypassed_by_backgrounding (tests.test_current_release.BlueVPNSiteSEOTests.test_89_mandatory_story_cannot_be_bypassed_by_backgrounding) ... ok
test_90_story_media_failure_is_fail_open_and_does_not_stack_tapsell (tests.test_current_release.BlueVPNSiteSEOTests.test_90_story_media_failure_is_fail_open_and_does_not_stack_tapsell) ... ok
test_91_wordpress_convergence_accepts_newer_manager_and_schema (tests.test_current_release.BlueVPNSiteSEOTests.test_91_wordpress_convergence_accepts_newer_manager_and_schema) ... ok
test_92_ad_destinations_are_allow_listed_and_structured (tests.test_current_release.BlueVPNSiteSEOTests.test_92_ad_destinations_are_allow_listed_and_structured) ... ok
test_93_android_ad_router_never_launches_arbitrary_components (tests.test_current_release.BlueVPNSiteSEOTests.test_93_android_ad_router_never_launches_arbitrary_components) ... ok
test_94_banner_and_story_ctas_use_same_internal_router (tests.test_current_release.BlueVPNSiteSEOTests.test_94_banner_and_story_ctas_use_same_internal_router) ... ok
test_95_ad_purchase_continues_after_auth_without_auto_charging (tests.test_current_release.BlueVPNSiteSEOTests.test_95_ad_purchase_continues_after_auth_without_auto_charging) ... ok
test_95_sms_pattern_sync_walks_all_pages_and_deduplicates (tests.test_current_release.BlueVPNSiteSEOTests.test_95_sms_pattern_sync_walks_all_pages_and_deduplicates) ... ok
test_96_telegram_bot_publishes_and_installs_manager_before_android (tests.test_current_release.BlueVPNSiteSEOTests.test_96_telegram_bot_publishes_and_installs_manager_before_android) ... ok
test_97_manager_release_uses_contents_write_repository_dispatch_first (tests.test_current_release.BlueVPNSiteSEOTests.test_97_manager_release_uses_contents_write_repository_dispatch_first) ... ok
test_97_sms_patterns_are_smart_assigned_with_safe_contract_gate (tests.test_current_release.BlueVPNSiteSEOTests.test_97_sms_patterns_are_smart_assigned_with_safe_contract_gate) ... ok
test_98_missing_provider_repair_does_not_renew_entitlement (tests.test_current_release.BlueVPNSiteSEOTests.test_98_missing_provider_repair_does_not_renew_entitlement) ... ok
test_99_missing_provider_repair_covers_pasarguard_and_marzban (tests.test_current_release.BlueVPNSiteSEOTests.test_99_missing_provider_repair_covers_pasarguard_and_marzban) ... ok
test_android_update_check_uses_authenticated_account_pipeline (tests.test_current_release.BlueVPNSiteSEOTests.test_android_update_check_uses_authenticated_account_pipeline) ... ok
test_default_yoast_metadata_and_sample_cleanup_exist (tests.test_current_release.BlueVPNSiteSEOTests.test_default_yoast_metadata_and_sample_cleanup_exist) ... ok
test_live_reporter_uses_activity_context_inside_with_context (tests.test_current_release.BlueVPNSiteSEOTests.test_live_reporter_uses_activity_context_inside_with_context) ... ok
test_mobile_config_exposes_release_channel (tests.test_current_release.BlueVPNSiteSEOTests.test_mobile_config_exposes_release_channel) ... ok
test_private_account_is_noindex_and_excluded_from_sitemaps (tests.test_current_release.BlueVPNSiteSEOTests.test_private_account_is_noindex_and_excluded_from_sitemaps) ... ok
test_release_channels_beta_stable_contract (tests.test_current_release.BlueVPNSiteSEOTests.test_release_channels_beta_stable_contract) ... ok
test_robots_and_llms_endpoints_are_managed (tests.test_current_release.BlueVPNSiteSEOTests.test_robots_and_llms_endpoints_are_managed) ... ok
test_seo_hardening_does_not_touch_android_runtime (tests.test_current_release.BlueVPNSiteSEOTests.test_seo_hardening_does_not_touch_android_runtime) ... ok
test_seo_hardening_is_loaded_and_versioned (tests.test_current_release.BlueVPNSiteSEOTests.test_seo_hardening_is_loaded_and_versioned) ... ok
test_seo_meta_social_and_schema_contract (tests.test_current_release.BlueVPNSiteSEOTests.test_seo_meta_social_and_schema_contract) ... ok
test_source_version_is_authoritative_and_build_does_not_auto_increment (tests.test_current_release.BlueVPNSiteSEOTests.test_source_version_is_authoritative_and_build_does_not_auto_increment) ... ok
test_telegram_rest_push_verification_tolerates_head_advancing (tests.test_current_release.BlueVPNSiteSEOTests.test_telegram_rest_push_verification_tolerates_head_advancing) ... ok
test_01_version (tests.test_current_release.CurrentReleaseTests.test_01_version) ... ok
test_02_release_version (tests.test_current_release.CurrentReleaseTests.test_02_release_version) ... ok
test_03_official_pairing (tests.test_current_release.CurrentReleaseTests.test_03_official_pairing) ... ok
test_04_direct_stock_start_stop (tests.test_current_release.CurrentReleaseTests.test_04_direct_stock_start_stop) ... ok
test_05_alternate_engine_files_removed (tests.test_current_release.CurrentReleaseTests.test_05_alternate_engine_files_removed) ... ok
test_05b_free_aether_warp_engine_is_pinned_and_isolated (tests.test_current_release.CurrentReleaseTests.test_05b_free_aether_warp_engine_is_pinned_and_isolated) ... ok
test_05c_premium_runtime_stays_stock_v2rayng (tests.test_current_release.CurrentReleaseTests.test_05c_premium_runtime_stays_stock_v2rayng) ... ok
test_05d_warp_free_entitlement_is_independent_of_legacy_pool (tests.test_current_release.CurrentReleaseTests.test_05d_warp_free_entitlement_is_independent_of_legacy_pool) ... ok
test_06_no_singbox_ci (tests.test_current_release.CurrentReleaseTests.test_06_no_singbox_ci) ... ok
test_07_no_runtime_or_parser_patch_functions (tests.test_current_release.CurrentReleaseTests.test_07_no_runtime_or_parser_patch_functions) ... ok
test_08_runtime_hash_guard_exists (tests.test_current_release.CurrentReleaseTests.test_08_runtime_hash_guard_exists) ... ok
test_09_overlay_does_not_replace_protected_runtime (tests.test_current_release.CurrentReleaseTests.test_09_overlay_does_not_replace_protected_runtime) ... ok
test_10_official_checkout (tests.test_current_release.CurrentReleaseTests.test_10_official_checkout) ... ok
test_11_core_submodule_not_moved (tests.test_current_release.CurrentReleaseTests.test_11_core_submodule_not_moved) ... ok
test_12_immediate_stock_receiver_and_assets (tests.test_current_release.CurrentReleaseTests.test_12_immediate_stock_receiver_and_assets) ... ok
test_13_real_start_failure_is_consumed (tests.test_current_release.CurrentReleaseTests.test_13_real_start_failure_is_consumed) ... ok
test_14_no_authoritative_preflight (tests.test_current_release.CurrentReleaseTests.test_14_no_authoritative_preflight) ... ok
test_15_exact_handoff_has_no_duplicate_select_write (tests.test_current_release.CurrentReleaseTests.test_15_exact_handoff_has_no_duplicate_select_write) ... ok
test_16_location_util_does_not_reject_v2rayng_profiles (tests.test_current_release.CurrentReleaseTests.test_16_location_util_does_not_reject_v2rayng_profiles) ... ok
test_17_candidate_catalog_has_no_semantic_dedupe (tests.test_current_release.CurrentReleaseTests.test_17_candidate_catalog_has_no_semantic_dedupe) ... ok
test_18_stock_subscription_update_path (tests.test_current_release.CurrentReleaseTests.test_18_stock_subscription_update_path) ... ok
test_19_managed_subscription_uses_stock_ua (tests.test_current_release.CurrentReleaseTests.test_19_managed_subscription_uses_stock_ua) ... ok
test_20_location_mode_and_reserve_pool_preserved (tests.test_current_release.CurrentReleaseTests.test_20_location_mode_and_reserve_pool_preserved) ... ok
test_21_no_ai_runtime_controller (tests.test_current_release.CurrentReleaseTests.test_21_no_ai_runtime_controller) ... ok
test_22_only_product_mode_setting_is_forced (tests.test_current_release.CurrentReleaseTests.test_22_only_product_mode_setting_is_forced) ... ok
test_23_profile_no_engine_route (tests.test_current_release.CurrentReleaseTests.test_23_profile_no_engine_route) ... ok
test_24_profile_fingerprint_still_supports_selection_restore (tests.test_current_release.CurrentReleaseTests.test_24_profile_fingerprint_still_supports_selection_restore) ... ok
test_25_plugin_version (tests.test_current_release.CurrentReleaseTests.test_25_plugin_version) ... ok
test_26_short_semver (tests.test_current_release.CurrentReleaseTests.test_26_short_semver) ... ok
test_27_no_old_release_number (tests.test_current_release.CurrentReleaseTests.test_27_no_old_release_number) ... ok
test_28_first_resume_is_local_only (tests.test_current_release.CurrentReleaseTests.test_28_first_resume_is_local_only) ... ok
test_29_premium_startup_does_not_scan_free_pool (tests.test_current_release.CurrentReleaseTests.test_29_premium_startup_does_not_scan_free_pool) ... ok
test_30_dashboard_uses_ui_safe_entitlement_check (tests.test_current_release.CurrentReleaseTests.test_30_dashboard_uses_ui_safe_entitlement_check) ... ok
test_31_hidden_compatibility_ui_does_no_ai_work (tests.test_current_release.CurrentReleaseTests.test_31_hidden_compatibility_ui_does_no_ai_work) ... ok
test_32_subscription_render_has_no_disk_clear (tests.test_current_release.CurrentReleaseTests.test_32_subscription_render_has_no_disk_clear) ... ok
test_33_sms_otp_timeout_budget_returns_provider_error_before_android_timeout (tests.test_current_release.CurrentReleaseTests.test_33_sms_otp_timeout_budget_returns_provider_error_before_android_timeout) ... ok
test_34_sms_otp_api_never_falls_back_to_html_fatal (tests.test_current_release.CurrentReleaseTests.test_34_sms_otp_api_never_falls_back_to_html_fatal) ... ok
test_35_sms_notification_provider_budget_is_bounded (tests.test_current_release.CurrentReleaseTests.test_35_sms_notification_provider_budget_is_bounded) ... ok
test_36_sms_pattern_sync_uses_official_endpoint_and_api_key_header (tests.test_current_release.CurrentReleaseTests.test_36_sms_pattern_sync_uses_official_endpoint_and_api_key_header) ... ok
test_37_sms_pattern_sync_is_php84_safe_and_handles_nested_payloads (tests.test_current_release.CurrentReleaseTests.test_37_sms_pattern_sync_is_php84_safe_and_handles_nested_payloads) ... ok
test_38_sms_provider_string_error_status_is_rejected (tests.test_current_release.CurrentReleaseTests.test_38_sms_provider_string_error_status_is_rejected) ... ok
test_39_sms_admin_uses_synced_pattern_dropdowns (tests.test_current_release.CurrentReleaseTests.test_39_sms_admin_uses_synced_pattern_dropdowns) ... ok
test_40_stale_patterns_are_reconciled_and_otp_variable_is_mapped (tests.test_current_release.CurrentReleaseTests.test_40_stale_patterns_are_reconciled_and_otp_variable_is_mapped) ... ok
test_41_runtime_freeze_survives_sms_pattern_release (tests.test_current_release.CurrentReleaseTests.test_41_runtime_freeze_survives_sms_pattern_release) ... ok
test_42_site_theme_version_and_updater_are_synchronized (tests.test_current_release.CurrentReleaseTests.test_42_site_theme_version_and_updater_are_synchronized) ... ok
test_43_site_theme_uses_independent_release_asset_contract (tests.test_current_release.CurrentReleaseTests.test_43_site_theme_uses_independent_release_asset_contract) ... ok
test_44_site_theme_background_auto_update_is_enabled (tests.test_current_release.CurrentReleaseTests.test_44_site_theme_background_auto_update_is_enabled) ... ok
test_45_site_theme_release_workflow_is_decoupled_from_android (tests.test_current_release.CurrentReleaseTests.test_45_site_theme_release_workflow_is_decoupled_from_android) ... ok
test_46_site_theme_release_requires_version_bump (tests.test_current_release.CurrentReleaseTests.test_46_site_theme_release_requires_version_bump) ... ok
test_47_site_theme_redesign_contract (tests.test_current_release.CurrentReleaseTests.test_47_site_theme_redesign_contract) ... ok
test_49_release_validator_has_no_hardcoded_app_version (tests.test_current_release.CurrentReleaseTests.test_49_release_validator_has_no_hardcoded_app_version) ... ok
test_authenticated_account_hides_login_marketing_and_uses_unified_dashboard (tests.test_current_release.CurrentReleaseTests.test_authenticated_account_hides_login_marketing_and_uses_unified_dashboard) ... ok
test_campaign_assets_prefer_static_upload_urls_and_decode_healthcheck (tests.test_current_release.CurrentReleaseTests.test_campaign_assets_prefer_static_upload_urls_and_decode_healthcheck) ... ok
test_campaign_banner_does_not_touch_stock_v2rayng_runtime (tests.test_current_release.CurrentReleaseTests.test_campaign_banner_does_not_touch_stock_v2rayng_runtime) ... ok
test_campaign_banner_is_cache_first_and_not_delayed_by_ad_sdk (tests.test_current_release.CurrentReleaseTests.test_campaign_banner_is_cache_first_and_not_delayed_by_ad_sdk) ... ok
test_free_session_policy_refreshes_independent_of_pool_readiness (tests.test_current_release.CurrentReleaseTests.test_free_session_policy_refreshes_independent_of_pool_readiness) ... ok
test_logout_cannot_resurrect_premium_session (tests.test_current_release.CurrentReleaseTests.test_logout_cannot_resurrect_premium_session) ... ok
test_logout_invalidates_inflight_premium_candidate_generation (tests.test_current_release.CurrentReleaseTests.test_logout_invalidates_inflight_premium_candidate_generation) ... ok
test_mobile_config_uses_real_ads_and_free_payload_methods (tests.test_current_release.CurrentReleaseTests.test_mobile_config_uses_real_ads_and_free_payload_methods) ... ok
test_premium_requires_live_session_and_free_pool_is_reenabled (tests.test_current_release.CurrentReleaseTests.test_premium_requires_live_session_and_free_pool_is_reenabled) ... ok
test_public_theme_hides_internal_project_implementation_copy (tests.test_current_release.CurrentReleaseTests.test_public_theme_hides_internal_project_implementation_copy) ... ok
test_repository_cleanup_handles_overlay_stale_files (tests.test_current_release.CurrentReleaseTests.test_repository_cleanup_handles_overlay_stale_files) ... ok
test_site_defaults_to_desktop_layout_on_mobile (tests.test_current_release.CurrentReleaseTests.test_site_defaults_to_desktop_layout_on_mobile) ... ok
test_web_account_uses_canonical_subscription_contract (tests.test_current_release.CurrentReleaseTests.test_web_account_uses_canonical_subscription_contract) ... ok
test_web_login_does_not_consume_vpn_device_slot (tests.test_current_release.CurrentReleaseTests.test_web_login_does_not_consume_vpn_device_slot) ... ok
test_website_otp_advances_optimistically (tests.test_current_release.CurrentReleaseTests.test_website_otp_advances_optimistically) ... ok
test_adaptive_probe_pool_is_wired (tests.test_current_release.TestIrcfIntelligenceSuite.test_adaptive_probe_pool_is_wired) ... ok
test_ircf_does_not_rewrite_configs (tests.test_current_release.TestIrcfIntelligenceSuite.test_ircf_does_not_rewrite_configs) ... ok
test_ircf_intelligence_source_is_persisted (tests.test_current_release.TestIrcfIntelligenceSuite.test_ircf_intelligence_source_is_persisted) ... ok
test_manager_exposes_ircf_controls (tests.test_current_release.TestIrcfIntelligenceSuite.test_manager_exposes_ircf_controls) ... ok
test_pool_sync_has_single_import_owner_and_locations_do_not_block_on_mmkv_mutation (tests.test_current_release.TestIrcfIntelligenceSuite.test_pool_sync_has_single_import_owner_and_locations_do_not_block_on_mmkv_mutation) ... ok
test_subscription_audit_runs_after_upstream_parser (tests.test_current_release.TestIrcfIntelligenceSuite.test_subscription_audit_runs_after_upstream_parser) ... ok
test_aether_build_is_locked_and_pinned (tests.test_warp_adaptive_466.WarpAdaptive466Tests.test_aether_build_is_locked_and_pinned) ... ok
test_data_check_is_not_disabled (tests.test_warp_adaptive_466.WarpAdaptive466Tests.test_data_check_is_not_disabled) ... ok
test_dynamic_loopback_port (tests.test_warp_adaptive_466.WarpAdaptive466Tests.test_dynamic_loopback_port) ... ok
test_full_state_machine_present (tests.test_warp_adaptive_466.WarpAdaptive466Tests.test_full_state_machine_present) ... ok
test_log_rotation_is_bounded (tests.test_warp_adaptive_466.WarpAdaptive466Tests.test_log_rotation_is_bounded) ... ok
test_network_scoped_memory_and_backoff (tests.test_warp_adaptive_466.WarpAdaptive466Tests.test_network_scoped_memory_and_backoff) ... ok
test_no_shell_and_noninteractive_flags (tests.test_warp_adaptive_466.WarpAdaptive466Tests.test_no_shell_and_noninteractive_flags) ... ok
test_no_sleep_in_warp_supervisor (tests.test_warp_adaptive_466.WarpAdaptive466Tests.test_no_sleep_in_warp_supervisor) ... ok
test_policy_schema_two_and_typed_values (tests.test_warp_adaptive_466.WarpAdaptive466Tests.test_policy_schema_two_and_typed_values) ... ok
test_post_bridge_failure_falls_back_same_generation (tests.test_warp_adaptive_466.WarpAdaptive466Tests.test_post_bridge_failure_falls_back_same_generation) ... ok
test_premium_core_not_replaced (tests.test_warp_adaptive_466.WarpAdaptive466Tests.test_premium_core_not_replaced) ... ok
test_real_socks_and_proxy_validation (tests.test_warp_adaptive_466.WarpAdaptive466Tests.test_real_socks_and_proxy_validation) ... ok
test_strategy_order (tests.test_warp_adaptive_466.WarpAdaptive466Tests.test_strategy_order) ... ok
test_structured_errors_present (tests.test_warp_adaptive_466.WarpAdaptive466Tests.test_structured_errors_present) ... ok
test_version_is_fixed_466 (tests.test_warp_adaptive_466.WarpAdaptive466Tests.test_version_is_fixed_466) ... ok

----------------------------------------------------------------------
Ran 167 tests in 0.046s

OK
BlueVPN 4.6.6 validation: PASS
runtime=v2rayNG-2.2.6 androidlib=v26.7.5 xray-release-label=v26.6.27 sing-box=removed
architecture=Free -> pinned Aether/WARP loopback SOCKS -> stock v2rayNG VpnService; Premium -> immutable stock v2rayNG/Xray
No syntax errors detected in bluevpn-manager/bluevpn-manager.php
No syntax errors detected in bluevpn-manager/includes/class-bluevpn-production.php
No syntax errors detected in bluevpn-manager/includes/class-bluevpn-unified-ui.php
No syntax errors detected in bluevpn-manager/includes/class-bluevpn-control-center.php
No syntax errors detected in bluevpn-manager/includes/class-bluevpn-admin.php
No syntax errors detected in bluevpn-manager/includes/class-bluevpn-utils.php
No syntax errors detected in bluevpn-manager/includes/class-bluevpn-api.php
No syntax errors detected in bluevpn-manager/includes/class-bluevpn-ai.php
No syntax errors detected in bluevpn-manager/includes/class-bluevpn-migration.php
No syntax errors detected in bluevpn-manager/includes/class-bluevpn-frontend.php
No syntax errors detected in bluevpn-manager/includes/class-bluevpn-providers.php
No syntax errors detected in bluevpn-manager/includes/class-bluevpn-github-updater.php
No syntax errors detected in bluevpn-manager/includes/class-bluevpn-db.php
No syntax errors detected in bluevpn-manager/includes/class-bluevpn-ads.php
No syntax errors detected in bluevpn-manager/includes/class-bluevpn-auth.php
No syntax errors detected in bluevpn-manager/includes/class-bluevpn-payments.php
No syntax errors detected in bluevpn-manager/includes/class-bluevpn-app-release-manager.php
No syntax errors detected in bluevpn-manager/includes/class-bluevpn-cron.php
No syntax errors detected in bluevpn-manager/includes/class-bluevpn-sms-notifications.php
No syntax errors detected in bluevpn-manager/includes/class-bluevpn-sms-otp.php
No syntax errors detected in bluevpn-manager/includes/class-bluevpn-telegram-bot.php
No syntax errors detected in bluevpn-manager/includes/class-bluevpn-compat.php
