android-source/BlueVpnWarpEngine.kt:138:29: warning: the value 'f' assigned to 'var last: BlueVpnWarpEngine.Failure? defined in com.v2ray.ang.bluevpn.BlueVpnWarpEngine.prepareAdaptive.`<anonymous>`' is never used
                            last = f
                            ^
android-source/BlueVpnWarpEngine.kt:351:17: warning: the value 'true' assigned to 'var sawPort: Boolean defined in com.v2ray.ang.bluevpn.BlueVpnWarpEngine.awaitValidation' is never used
                sawPort = true; state = State.AETHER_DATA_PLANE_VALIDATING
                ^
android-source/BlueVpnWarpEngine.kt:384:17: warning: 'constructor URL(String!)' is deprecated. Deprecated in Java
        val c = URL(raw).openConnection(proxy) as HttpURLConnection
                ^
android-source/BlueVpnWarpEngine.kt:391:17: warning: 'constructor URL(String!)' is deprecated. Deprecated in Java
        val c = URL(raw).openConnection(proxy) as HttpURLConnection
                ^
/tmp/bluevpn-kotlin-stubs/android/content/Context.kt:6:27: warning: parameter 'name' is never used
 fun getSharedPreferences(name:String, mode:Int):SharedPreferences=SharedPreferences()
                          ^
/tmp/bluevpn-kotlin-stubs/android/content/Context.kt:6:40: warning: parameter 'mode' is never used
 fun getSharedPreferences(name:String, mode:Int):SharedPreferences=SharedPreferences()
                                       ^
/tmp/bluevpn-kotlin-stubs/android/content/Context.kt:9:41: warning: parameter 'k' is never used
class SharedPreferences { fun getString(k:String,d:String?):String?=d; fun getInt(k:String,d:Int)=d; fun getLong(k:String,d:Long)=d; fun edit()=Editor()
                                        ^
/tmp/bluevpn-kotlin-stubs/android/content/Context.kt:9:83: warning: parameter 'k' is never used
class SharedPreferences { fun getString(k:String,d:String?):String?=d; fun getInt(k:String,d:Int)=d; fun getLong(k:String,d:Long)=d; fun edit()=Editor()
                                                                                  ^
/tmp/bluevpn-kotlin-stubs/android/content/Context.kt:9:114: warning: parameter 'k' is never used
class SharedPreferences { fun getString(k:String,d:String?):String?=d; fun getInt(k:String,d:Int)=d; fun getLong(k:String,d:Long)=d; fun edit()=Editor()
                                                                                                                 ^
/tmp/bluevpn-kotlin-stubs/android/content/Context.kt:10:31: warning: parameter 'k' is never used
 class Editor { fun putString(k:String,v:String?)=this; fun putInt(k:String,v:Int)=this; fun putLong(k:String,v:Long)=this; fun remove(k:String)=this; fun apply(){} }
                              ^
/tmp/bluevpn-kotlin-stubs/android/content/Context.kt:10:40: warning: parameter 'v' is never used
 class Editor { fun putString(k:String,v:String?)=this; fun putInt(k:String,v:Int)=this; fun putLong(k:String,v:Long)=this; fun remove(k:String)=this; fun apply(){} }
                                       ^
/tmp/bluevpn-kotlin-stubs/android/content/Context.kt:10:68: warning: parameter 'k' is never used
 class Editor { fun putString(k:String,v:String?)=this; fun putInt(k:String,v:Int)=this; fun putLong(k:String,v:Long)=this; fun remove(k:String)=this; fun apply(){} }
                                                                   ^
/tmp/bluevpn-kotlin-stubs/android/content/Context.kt:10:77: warning: parameter 'v' is never used
 class Editor { fun putString(k:String,v:String?)=this; fun putInt(k:String,v:Int)=this; fun putLong(k:String,v:Long)=this; fun remove(k:String)=this; fun apply(){} }
                                                                            ^
/tmp/bluevpn-kotlin-stubs/android/content/Context.kt:10:102: warning: parameter 'k' is never used
 class Editor { fun putString(k:String,v:String?)=this; fun putInt(k:String,v:Int)=this; fun putLong(k:String,v:Long)=this; fun remove(k:String)=this; fun apply(){} }
                                                                                                     ^
/tmp/bluevpn-kotlin-stubs/android/content/Context.kt:10:111: warning: parameter 'v' is never used
 class Editor { fun putString(k:String,v:String?)=this; fun putInt(k:String,v:Int)=this; fun putLong(k:String,v:Long)=this; fun remove(k:String)=this; fun apply(){} }
                                                                                                              ^
/tmp/bluevpn-kotlin-stubs/android/content/Context.kt:10:136: warning: parameter 'k' is never used
 class Editor { fun putString(k:String,v:String?)=this; fun putInt(k:String,v:Int)=this; fun putLong(k:String,v:Long)=this; fun remove(k:String)=this; fun apply(){} }
                                                                                                                                       ^
/tmp/bluevpn-kotlin-stubs/android/net/Net.kt:6:19: warning: parameter 'x' is never used
 fun hasTransport(x:Int)=false; fun hasCapability(x:Int)=false }
                  ^
/tmp/bluevpn-kotlin-stubs/android/net/Net.kt:6:51: warning: parameter 'x' is never used
 fun hasTransport(x:Int)=false; fun hasCapability(x:Int)=false }
                                                  ^
/tmp/bluevpn-kotlin-stubs/android/net/Net.kt:7:89: warning: parameter 'n' is never used
class ConnectivityManager { val activeNetwork:Network?=null; fun getNetworkCapabilities(n:Network)=NetworkCapabilities(); fun getLinkProperties(n:Network)=LinkProperties() }
                                                                                        ^
/tmp/bluevpn-kotlin-stubs/android/net/Net.kt:7:145: warning: parameter 'n' is never used
class ConnectivityManager { val activeNetwork:Network?=null; fun getNetworkCapabilities(n:Network)=NetworkCapabilities(); fun getLinkProperties(n:Network)=LinkProperties() }
                                                                                                                                                ^
/tmp/bluevpn-kotlin-stubs/com/v2ray/ang/bluevpn/BlueVpnAccountManager.kt:4:55: warning: parameter 'c' is never used
object BlueVpnAccountManager { fun freeAccessSnapshot(c:Context)=BlueVpnFreeAccessSnapshot() }
                                                      ^
/tmp/bluevpn-kotlin-stubs/com/v2ray/ang/handler/MmkvManager.kt:3:45: warning: parameter 'g' is never used
object MmkvManager { fun decodeServerConfig(g:String):ProfileItem?=null; fun decodeServerList(s:String):List<String> = emptyList(); fun removeServerViaSubid(s:String){}; fun encodeServerConfig(g:String,p:ProfileItem)="g" }
                                            ^
/tmp/bluevpn-kotlin-stubs/com/v2ray/ang/handler/MmkvManager.kt:3:95: warning: parameter 's' is never used
object MmkvManager { fun decodeServerConfig(g:String):ProfileItem?=null; fun decodeServerList(s:String):List<String> = emptyList(); fun removeServerViaSubid(s:String){}; fun encodeServerConfig(g:String,p:ProfileItem)="g" }
                                                                                              ^
/tmp/bluevpn-kotlin-stubs/com/v2ray/ang/handler/MmkvManager.kt:3:158: warning: parameter 's' is never used
object MmkvManager { fun decodeServerConfig(g:String):ProfileItem?=null; fun decodeServerList(s:String):List<String> = emptyList(); fun removeServerViaSubid(s:String){}; fun encodeServerConfig(g:String,p:ProfileItem)="g" }
                                                                                                                                                             ^
/tmp/bluevpn-kotlin-stubs/com/v2ray/ang/handler/MmkvManager.kt:3:194: warning: parameter 'g' is never used
object MmkvManager { fun decodeServerConfig(g:String):ProfileItem?=null; fun decodeServerList(s:String):List<String> = emptyList(); fun removeServerViaSubid(s:String){}; fun encodeServerConfig(g:String,p:ProfileItem)="g" }
                                                                                                                                                                                                 ^
/tmp/bluevpn-kotlin-stubs/com/v2ray/ang/handler/MmkvManager.kt:3:203: warning: parameter 'p' is never used
object MmkvManager { fun decodeServerConfig(g:String):ProfileItem?=null; fun decodeServerList(s:String):List<String> = emptyList(); fun removeServerViaSubid(s:String){}; fun encodeServerConfig(g:String,p:ProfileItem)="g" }
                                                                                                                                                                                                          ^
