No syntax errors detected in bluevpn-manager/includes/class-bluevpn-sms-otp.php
No syntax errors detected in bluevpn-manager/includes/class-bluevpn-cron.php
No syntax errors detected in bluevpn-manager/includes/class-bluevpn-admin.php
No syntax errors detected in bluevpn-manager/includes/class-bluevpn-github-updater.php
No syntax errors detected in bluevpn-manager/includes/class-bluevpn-migration.php
No syntax errors detected in bluevpn-manager/includes/class-bluevpn-sms-notifications.php
No syntax errors detected in bluevpn-manager/includes/class-bluevpn-ads.php
No syntax errors detected in bluevpn-manager/includes/class-bluevpn-utils.php
No syntax errors detected in bluevpn-manager/includes/class-bluevpn-frontend.php
No syntax errors detected in bluevpn-manager/includes/class-bluevpn-unified-ui.php
No syntax errors detected in bluevpn-manager/includes/class-bluevpn-db.php
No syntax errors detected in bluevpn-manager/includes/class-bluevpn-providers.php
No syntax errors detected in bluevpn-manager/includes/class-bluevpn-payments.php
No syntax errors detected in bluevpn-manager/includes/class-bluevpn-control-center.php
No syntax errors detected in bluevpn-manager/includes/class-bluevpn-api.php
No syntax errors detected in bluevpn-manager/includes/class-bluevpn-telegram-bot.php
No syntax errors detected in bluevpn-manager/includes/class-bluevpn-compat.php
No syntax errors detected in bluevpn-manager/includes/class-bluevpn-production.php
No syntax errors detected in bluevpn-manager/includes/class-bluevpn-app-release-manager.php
No syntax errors detected in bluevpn-manager/includes/class-bluevpn-auth.php
No syntax errors detected in bluevpn-manager/includes/class-bluevpn-ai.php
No syntax errors detected in bluevpn-manager/bluevpn-manager.php
